---
source: src/lib.rs
expression: serializer
snapshot_kind: text
---
{
  "bevy_camera::camera::ManualTextureViewHandle": 0
}
