---
source: src/lib.rs
expression: serializer
snapshot_kind: text
---
{
  "bevy_mesh::skinning::SkinnedMesh": {
    "inverse_bindposes": {
      "Uuid": "97128bb1-2588-480b-bdc6-87b4adbec477"
    },
    "joints": []
  }
}
