---
source: src/lib.rs
expression: serializer
snapshot_kind: text
---
{
  "bevy_camera::visibility::render_layers::RenderLayers": [
    1
  ]
}
