---
source: src/lib.rs
expression: serializer
snapshot_kind: text
---
{
  "bevy_pbr::volumetric_fog::VolumetricLight": {}
}
