---
source: src/lib.rs
expression: serializer
snapshot_kind: text
---
{
  "bevy_anti_alias::fxaa::Fxaa": {
    "enabled": true,
    "edge_threshold": "High",
    "edge_threshold_min": "High"
  }
}
