---
source: src/lib.rs
expression: serializer
snapshot_kind: text
---
{
  "bevy_ui_render::BoxShadowSamples": 4
}
