---
source: src/lib.rs
expression: serializer
snapshot_kind: text
---
{
  "bevy_render::sync_world::SyncToRenderWorld": {}
}
