---
source: src/lib.rs
expression: serializer
snapshot_kind: text
---
{
  "bevy_render::camera::TemporalJitter": {
    "offset": [
      0.0,
      0.0
    ]
  }
}
