---
source: src/lib.rs
expression: serializer
snapshot_kind: text
---
{
  "bevy_light::probe::IrradianceVolume": {
    "voxels": {
      "Uuid": "97128bb1-2588-480b-bdc6-87b4adbec477"
    },
    "intensity": 0.0,
    "affects_lightmapped_meshes": true
  }
}
