---
source: src/lib.rs
expression: serializer
snapshot_kind: text
---
{
  "bevy_render::camera::camera::MipBias": 0.0
}
