---
source: src/lib.rs
expression: serializer
snapshot_kind: text
---
{
  "bevy_picking::pointer::PointerPress": {
    "primary": false,
    "secondary": false,
    "middle": false
  }
}
