---
source: src/lib.rs
expression: serializer
snapshot_kind: text
---
{
  "bevy_window::window::PrimaryWindow": {}
}
