---
source: src/lib.rs
expression: serializer
snapshot_kind: text
---
{
  "bevy_render::camera::camera::Camera": {
    "viewport": null,
    "order": 0,
    "is_active": true,
    "target": {
      "Window": "Primary"
    },
    "hdr": false,
    "msaa_writeback": true,
    "clear_color": "Default",
    "sub_camera_view": null
  }
}
