---
source: src/lib.rs
expression: serializer
snapshot_kind: text
---
{
  "bevy_text::text::TextSpan": ""
}
