---
source: src/lib.rs
expression: serializer
snapshot_kind: text
---
{
  "test_components::AnOptionalName": {
    "name": "A Test Name"
  }
}
