---
source: src/lib.rs
expression: serializer
snapshot_kind: text
---
{
  "bevy_ui::ui_node::ZIndex": 0
}
