---
source: src/lib.rs
expression: serializer
snapshot_kind: text
---
{
  "test_components::SomeThings": {
    "OneThing": {
      "name": "testing"
    }
  }
}
